[     753ms] [INFO] %cDownload the React DevTools for a better development experience: https://react.dev/link/react-devtools font-weight:bold @ http://localhost:3000/_next/static/chunks/node_modules_next_dist_f3530cac._.js:2297
[     960ms] [LOG] [HMR] connected @ http://localhost:3000/_next/static/chunks/node_modules_next_dist_f3530cac._.js:2297
[    7171ms] [LOG] [Fast Refresh] rebuilding @ http://localhost:3000/_next/static/chunks/node_modules_next_dist_f3530cac._.js:2297
[    8173ms] [LOG] [Fast Refresh] done in 1104ms @ http://localhost:3000/_next/static/chunks/node_modules_next_dist_f3530cac._.js:2297
[   11666ms] [WARNING] The resource https://code.tidio.co/widget-v4/fonts/mulish_SGhgqk3wotYKNnBQ.woff2 was preloaded using link preload but not used within a few seconds from the window's load event. Please make sure it has an appropriate `as` value and it is preloaded intentionally. @ about:blank:0
[   24343ms] [LOG] [Fast Refresh] rebuilding @ http://localhost:3000/_next/static/chunks/node_modules_next_dist_f3530cac._.js:2297
[   24953ms] [LOG] [Fast Refresh] done in 716ms @ http://localhost:3000/_next/static/chunks/node_modules_next_dist_f3530cac._.js:2297
[  128528ms] [ERROR] Error: <circle> attribute r: Expected length, "undefined". @ http://localhost:3000/_next/static/chunks/node_modules_framer-motion_dist_es_a3ca1ec9._.js:1658
[  128528ms] [ERROR] Error: <circle> attribute r: Expected length, "undefined". @ http://localhost:3000/_next/static/chunks/node_modules_framer-motion_dist_es_a3ca1ec9._.js:1658
[  128528ms] [ERROR] Error: <circle> attribute r: Expected length, "undefined". @ http://localhost:3000/_next/static/chunks/node_modules_framer-motion_dist_es_a3ca1ec9._.js:1658
[  128528ms] [ERROR] Error: <circle> attribute r: Expected length, "undefined". @ http://localhost:3000/_next/static/chunks/node_modules_framer-motion_dist_es_a3ca1ec9._.js:1658
[  128529ms] [ERROR] Error: <circle> attribute r: Expected length, "undefined". @ http://localhost:3000/_next/static/chunks/node_modules_framer-motion_dist_es_a3ca1ec9._.js:1658
[  128529ms] [ERROR] Error: <circle> attribute r: Expected length, "undefined". @ http://localhost:3000/_next/static/chunks/node_modules_framer-motion_dist_es_a3ca1ec9._.js:1658
[  128529ms] [ERROR] Error: <circle> attribute r: Expected length, "undefined". @ http://localhost:3000/_next/static/chunks/node_modules_framer-motion_dist_es_a3ca1ec9._.js:1658
[  128529ms] [ERROR] Error: <circle> attribute r: Expected length, "undefined". @ http://localhost:3000/_next/static/chunks/node_modules_framer-motion_dist_es_a3ca1ec9._.js:1658
[  128529ms] [ERROR] Error: <circle> attribute r: Expected length, "undefined". @ http://localhost:3000/_next/static/chunks/node_modules_framer-motion_dist_es_a3ca1ec9._.js:1658
[  128529ms] [ERROR] Error: <circle> attribute r: Expected length, "undefined". @ http://localhost:3000/_next/static/chunks/node_modules_framer-motion_dist_es_a3ca1ec9._.js:1658
[  128529ms] [ERROR] Error: <circle> attribute r: Expected length, "undefined". @ http://localhost:3000/_next/static/chunks/node_modules_framer-motion_dist_es_a3ca1ec9._.js:1658
[  128530ms] [ERROR] Error: <circle> attribute r: Expected length, "undefined". @ http://localhost:3000/_next/static/chunks/node_modules_framer-motion_dist_es_a3ca1ec9._.js:1658
[  133993ms] [ERROR] Error: <circle> attribute r: Expected length, "undefined". @ http://localhost:3000/_next/static/chunks/node_modules_framer-motion_dist_es_a3ca1ec9._.js:1658
[  133993ms] [ERROR] Error: <circle> attribute r: Expected length, "undefined". @ http://localhost:3000/_next/static/chunks/node_modules_framer-motion_dist_es_a3ca1ec9._.js:1658
[  133993ms] [ERROR] Error: <circle> attribute r: Expected length, "undefined". @ http://localhost:3000/_next/static/chunks/node_modules_framer-motion_dist_es_a3ca1ec9._.js:1658
[  133994ms] [ERROR] Error: <circle> attribute r: Expected length, "undefined". @ http://localhost:3000/_next/static/chunks/node_modules_framer-motion_dist_es_a3ca1ec9._.js:1658
[  133994ms] [ERROR] Error: <circle> attribute r: Expected length, "undefined". @ http://localhost:3000/_next/static/chunks/node_modules_framer-motion_dist_es_a3ca1ec9._.js:1658
[  133994ms] [ERROR] Error: <circle> attribute r: Expected length, "undefined". @ http://localhost:3000/_next/static/chunks/node_modules_framer-motion_dist_es_a3ca1ec9._.js:1658
[  134098ms] [ERROR] Error: <circle> attribute r: Expected length, "undefined". @ http://localhost:3000/_next/static/chunks/node_modules_framer-motion_dist_es_a3ca1ec9._.js:1658
[  134098ms] [ERROR] Error: <circle> attribute r: Expected length, "undefined". @ http://localhost:3000/_next/static/chunks/node_modules_framer-motion_dist_es_a3ca1ec9._.js:1658
[  134098ms] [ERROR] Error: <circle> attribute r: Expected length, "undefined". @ http://localhost:3000/_next/static/chunks/node_modules_framer-motion_dist_es_a3ca1ec9._.js:1658
[  134098ms] [ERROR] Error: <circle> attribute r: Expected length, "undefined". @ http://localhost:3000/_next/static/chunks/node_modules_framer-motion_dist_es_a3ca1ec9._.js:1658
[  134098ms] [ERROR] Error: <circle> attribute r: Expected length, "undefined". @ http://localhost:3000/_next/static/chunks/node_modules_framer-motion_dist_es_a3ca1ec9._.js:1658
[  134098ms] [ERROR] Error: <circle> attribute r: Expected length, "undefined". @ http://localhost:3000/_next/static/chunks/node_modules_framer-motion_dist_es_a3ca1ec9._.js:1658
[  134386ms] [ERROR] Error: <circle> attribute r: Expected length, "undefined". @ http://localhost:3000/_next/static/chunks/node_modules_framer-motion_dist_es_a3ca1ec9._.js:1658
[  134386ms] [ERROR] Error: <circle> attribute r: Expected length, "undefined". @ http://localhost:3000/_next/static/chunks/node_modules_framer-motion_dist_es_a3ca1ec9._.js:1658
[  134386ms] [ERROR] Error: <circle> attribute r: Expected length, "undefined". @ http://localhost:3000/_next/static/chunks/node_modules_framer-motion_dist_es_a3ca1ec9._.js:1658
[  134386ms] [ERROR] Error: <circle> attribute r: Expected length, "undefined". @ http://localhost:3000/_next/static/chunks/node_modules_framer-motion_dist_es_a3ca1ec9._.js:1658
[  134386ms] [ERROR] Error: <circle> attribute r: Expected length, "undefined". @ http://localhost:3000/_next/static/chunks/node_modules_framer-motion_dist_es_a3ca1ec9._.js:1658
[  134386ms] [ERROR] Error: <circle> attribute r: Expected length, "undefined". @ http://localhost:3000/_next/static/chunks/node_modules_framer-motion_dist_es_a3ca1ec9._.js:1658
[  139622ms] [WARNING] Please ensure that the container has a non-static position, like 'relative', 'fixed', or 'absolute' to ensure scroll offset is calculated correctly. @ http://localhost:3000/_next/static/chunks/node_modules_next_dist_f3530cac._.js:2297
[  143993ms] [ERROR] Error: <path> attribute d: Expected number, "…1.611-.178 2.977-.isti.595 3.56-…". @ http://localhost:3000/_next/static/chunks/node_modules_next_dist_compiled_react-dom_1e674e59._.js:1377
[  143995ms] [ERROR] Error: <path> attribute d: Expected number, "…1.611-.178 2.977-.isti.595 3.56-…". @ http://localhost:3000/_next/static/chunks/node_modules_next_dist_compiled_react-dom_1e674e59._.js:1377
[  144010ms] [ERROR] Error: <path> attribute d: Expected number, "…1.611-.178 2.977-.isti.595 3.56-…". @ http://localhost:3000/_next/static/chunks/node_modules_next_dist_compiled_react-dom_1e674e59._.js:1377
[  149137ms] [ERROR] Error: <circle> attribute r: Expected length, "undefined". @ http://localhost:3000/_next/static/chunks/node_modules_framer-motion_dist_es_a3ca1ec9._.js:1658
[  149138ms] [ERROR] Error: <circle> attribute r: Expected length, "undefined". @ http://localhost:3000/_next/static/chunks/node_modules_framer-motion_dist_es_a3ca1ec9._.js:1658
[  149139ms] [ERROR] Error: <circle> attribute r: Expected length, "undefined". @ http://localhost:3000/_next/static/chunks/node_modules_framer-motion_dist_es_a3ca1ec9._.js:1658
[  149139ms] [ERROR] Error: <circle> attribute r: Expected length, "undefined". @ http://localhost:3000/_next/static/chunks/node_modules_framer-motion_dist_es_a3ca1ec9._.js:1658
[  149140ms] [ERROR] Error: <circle> attribute r: Expected length, "undefined". @ http://localhost:3000/_next/static/chunks/node_modules_framer-motion_dist_es_a3ca1ec9._.js:1658
[  149141ms] [ERROR] Error: <circle> attribute r: Expected length, "undefined". @ http://localhost:3000/_next/static/chunks/node_modules_framer-motion_dist_es_a3ca1ec9._.js:1658
[  167037ms] [ERROR] Error: <circle> attribute r: Expected length, "undefined". @ http://localhost:3000/_next/static/chunks/node_modules_framer-motion_dist_es_a3ca1ec9._.js:1658
[  167037ms] [ERROR] Error: <circle> attribute r: Expected length, "undefined". @ http://localhost:3000/_next/static/chunks/node_modules_framer-motion_dist_es_a3ca1ec9._.js:1658
[  167037ms] [ERROR] Error: <circle> attribute r: Expected length, "undefined". @ http://localhost:3000/_next/static/chunks/node_modules_framer-motion_dist_es_a3ca1ec9._.js:1658
[  167037ms] [ERROR] Error: <circle> attribute r: Expected length, "undefined". @ http://localhost:3000/_next/static/chunks/node_modules_framer-motion_dist_es_a3ca1ec9._.js:1658
[  167037ms] [ERROR] Error: <circle> attribute r: Expected length, "undefined". @ http://localhost:3000/_next/static/chunks/node_modules_framer-motion_dist_es_a3ca1ec9._.js:1658
[  167037ms] [ERROR] Error: <circle> attribute r: Expected length, "undefined". @ http://localhost:3000/_next/static/chunks/node_modules_framer-motion_dist_es_a3ca1ec9._.js:1658
[  185169ms] [ERROR] Error: <circle> attribute r: Expected length, "undefined". @ http://localhost:3000/_next/static/chunks/node_modules_framer-motion_dist_es_a3ca1ec9._.js:1658
[  185169ms] [ERROR] Error: <circle> attribute r: Expected length, "undefined". @ http://localhost:3000/_next/static/chunks/node_modules_framer-motion_dist_es_a3ca1ec9._.js:1658
[  185169ms] [ERROR] Error: <circle> attribute r: Expected length, "undefined". @ http://localhost:3000/_next/static/chunks/node_modules_framer-motion_dist_es_a3ca1ec9._.js:1658
[  185169ms] [ERROR] Error: <circle> attribute r: Expected length, "undefined". @ http://localhost:3000/_next/static/chunks/node_modules_framer-motion_dist_es_a3ca1ec9._.js:1658
[  185170ms] [ERROR] Error: <circle> attribute r: Expected length, "undefined". @ http://localhost:3000/_next/static/chunks/node_modules_framer-motion_dist_es_a3ca1ec9._.js:1658
[  185170ms] [ERROR] Error: <circle> attribute r: Expected length, "undefined". @ http://localhost:3000/_next/static/chunks/node_modules_framer-motion_dist_es_a3ca1ec9._.js:1658
[  203084ms] [ERROR] Error: <circle> attribute r: Expected length, "undefined". @ http://localhost:3000/_next/static/chunks/node_modules_framer-motion_dist_es_a3ca1ec9._.js:1658
[  203085ms] [ERROR] Error: <circle> attribute r: Expected length, "undefined". @ http://localhost:3000/_next/static/chunks/node_modules_framer-motion_dist_es_a3ca1ec9._.js:1658
[  203085ms] [ERROR] Error: <circle> attribute r: Expected length, "undefined". @ http://localhost:3000/_next/static/chunks/node_modules_framer-motion_dist_es_a3ca1ec9._.js:1658
[  203085ms] [ERROR] Error: <circle> attribute r: Expected length, "undefined". @ http://localhost:3000/_next/static/chunks/node_modules_framer-motion_dist_es_a3ca1ec9._.js:1658
[  203085ms] [ERROR] Error: <circle> attribute r: Expected length, "undefined". @ http://localhost:3000/_next/static/chunks/node_modules_framer-motion_dist_es_a3ca1ec9._.js:1658
[  203085ms] [ERROR] Error: <circle> attribute r: Expected length, "undefined". @ http://localhost:3000/_next/static/chunks/node_modules_framer-motion_dist_es_a3ca1ec9._.js:1658
[  221083ms] [ERROR] Error: <circle> attribute r: Expected length, "undefined". @ http://localhost:3000/_next/static/chunks/node_modules_framer-motion_dist_es_a3ca1ec9._.js:1658
[  221083ms] [ERROR] Error: <circle> attribute r: Expected length, "undefined". @ http://localhost:3000/_next/static/chunks/node_modules_framer-motion_dist_es_a3ca1ec9._.js:1658
[  221084ms] [ERROR] Error: <circle> attribute r: Expected length, "undefined". @ http://localhost:3000/_next/static/chunks/node_modules_framer-motion_dist_es_a3ca1ec9._.js:1658
[  221084ms] [ERROR] Error: <circle> attribute r: Expected length, "undefined". @ http://localhost:3000/_next/static/chunks/node_modules_framer-motion_dist_es_a3ca1ec9._.js:1658
[  221084ms] [ERROR] Error: <circle> attribute r: Expected length, "undefined". @ http://localhost:3000/_next/static/chunks/node_modules_framer-motion_dist_es_a3ca1ec9._.js:1658
[  221084ms] [ERROR] Error: <circle> attribute r: Expected length, "undefined". @ http://localhost:3000/_next/static/chunks/node_modules_framer-motion_dist_es_a3ca1ec9._.js:1658
[  239120ms] [ERROR] Error: <circle> attribute r: Expected length, "undefined". @ http://localhost:3000/_next/static/chunks/node_modules_framer-motion_dist_es_a3ca1ec9._.js:1658
[  239120ms] [ERROR] Error: <circle> attribute r: Expected length, "undefined". @ http://localhost:3000/_next/static/chunks/node_modules_framer-motion_dist_es_a3ca1ec9._.js:1658
[  239121ms] [ERROR] Error: <circle> attribute r: Expected length, "undefined". @ http://localhost:3000/_next/static/chunks/node_modules_framer-motion_dist_es_a3ca1ec9._.js:1658
[  239121ms] [ERROR] Error: <circle> attribute r: Expected length, "undefined". @ http://localhost:3000/_next/static/chunks/node_modules_framer-motion_dist_es_a3ca1ec9._.js:1658
[  239121ms] [ERROR] Error: <circle> attribute r: Expected length, "undefined". @ http://localhost:3000/_next/static/chunks/node_modules_framer-motion_dist_es_a3ca1ec9._.js:1658
[  239121ms] [ERROR] Error: <circle> attribute r: Expected length, "undefined". @ http://localhost:3000/_next/static/chunks/node_modules_framer-motion_dist_es_a3ca1ec9._.js:1658
[  257087ms] [ERROR] Error: <circle> attribute r: Expected length, "undefined". @ http://localhost:3000/_next/static/chunks/node_modules_framer-motion_dist_es_a3ca1ec9._.js:1658
[  257088ms] [ERROR] Error: <circle> attribute r: Expected length, "undefined". @ http://localhost:3000/_next/static/chunks/node_modules_framer-motion_dist_es_a3ca1ec9._.js:1658
[  257088ms] [ERROR] Error: <circle> attribute r: Expected length, "undefined". @ http://localhost:3000/_next/static/chunks/node_modules_framer-motion_dist_es_a3ca1ec9._.js:1658
[  257088ms] [ERROR] Error: <circle> attribute r: Expected length, "undefined". @ http://localhost:3000/_next/static/chunks/node_modules_framer-motion_dist_es_a3ca1ec9._.js:1658
[  257088ms] [ERROR] Error: <circle> attribute r: Expected length, "undefined". @ http://localhost:3000/_next/static/chunks/node_modules_framer-motion_dist_es_a3ca1ec9._.js:1658
[  257088ms] [ERROR] Error: <circle> attribute r: Expected length, "undefined". @ http://localhost:3000/_next/static/chunks/node_modules_framer-motion_dist_es_a3ca1ec9._.js:1658
[  275061ms] [ERROR] Error: <circle> attribute r: Expected length, "undefined". @ http://localhost:3000/_next/static/chunks/node_modules_framer-motion_dist_es_a3ca1ec9._.js:1658
[  275061ms] [ERROR] Error: <circle> attribute r: Expected length, "undefined". @ http://localhost:3000/_next/static/chunks/node_modules_framer-motion_dist_es_a3ca1ec9._.js:1658
[  275061ms] [ERROR] Error: <circle> attribute r: Expected length, "undefined". @ http://localhost:3000/_next/static/chunks/node_modules_framer-motion_dist_es_a3ca1ec9._.js:1658
[  275061ms] [ERROR] Error: <circle> attribute r: Expected length, "undefined". @ http://localhost:3000/_next/static/chunks/node_modules_framer-motion_dist_es_a3ca1ec9._.js:1658
[  275061ms] [ERROR] Error: <circle> attribute r: Expected length, "undefined". @ http://localhost:3000/_next/static/chunks/node_modules_framer-motion_dist_es_a3ca1ec9._.js:1658
[  275061ms] [ERROR] Error: <circle> attribute r: Expected length, "undefined". @ http://localhost:3000/_next/static/chunks/node_modules_framer-motion_dist_es_a3ca1ec9._.js:1658
[  293056ms] [ERROR] Error: <circle> attribute r: Expected length, "undefined". @ http://localhost:3000/_next/static/chunks/node_modules_framer-motion_dist_es_a3ca1ec9._.js:1658
[  293057ms] [ERROR] Error: <circle> attribute r: Expected length, "undefined". @ http://localhost:3000/_next/static/chunks/node_modules_framer-motion_dist_es_a3ca1ec9._.js:1658
[  293057ms] [ERROR] Error: <circle> attribute r: Expected length, "undefined". @ http://localhost:3000/_next/static/chunks/node_modules_framer-motion_dist_es_a3ca1ec9._.js:1658
[  293057ms] [ERROR] Error: <circle> attribute r: Expected length, "undefined". @ http://localhost:3000/_next/static/chunks/node_modules_framer-motion_dist_es_a3ca1ec9._.js:1658
[  293057ms] [ERROR] Error: <circle> attribute r: Expected length, "undefined". @ http://localhost:3000/_next/static/chunks/node_modules_framer-motion_dist_es_a3ca1ec9._.js:1658
[  293057ms] [ERROR] Error: <circle> attribute r: Expected length, "undefined". @ http://localhost:3000/_next/static/chunks/node_modules_framer-motion_dist_es_a3ca1ec9._.js:1658
[  304113ms] [LOG] [Fast Refresh] rebuilding @ http://localhost:3000/_next/static/chunks/node_modules_next_dist_f3530cac._.js:2297
[  307117ms] [LOG] [Fast Refresh] done in 2833ms @ http://localhost:3000/_next/static/chunks/node_modules_next_dist_f3530cac._.js:2297
[  307218ms] [LOG] [Fast Refresh] rebuilding @ http://localhost:3000/_next/static/chunks/node_modules_next_dist_f3530cac._.js:2297
[  307824ms] [LOG] [Fast Refresh] done in 706ms @ http://localhost:3000/_next/static/chunks/node_modules_next_dist_f3530cac._.js:2297
[  307974ms] [LOG] [Fast Refresh] rebuilding @ http://localhost:3000/_next/static/chunks/node_modules_next_dist_f3530cac._.js:2297
[  308085ms] [LOG] [Fast Refresh] done in 212ms @ http://localhost:3000/_next/static/chunks/node_modules_next_dist_f3530cac._.js:2297
[  308369ms] [INFO] %cDownload the React DevTools for a better development experience: https://react.dev/link/react-devtools font-weight:bold @ http://localhost:3000/_next/static/chunks/node_modules_next_dist_f3530cac._.js:2297
[  308417ms] [LOG] [HMR] connected @ http://localhost:3000/_next/static/chunks/node_modules_next_dist_f3530cac._.js:2297
[  309043ms] [ERROR] Error: <circle> attribute r: Expected length, "undefined". @ http://localhost:3000/_next/static/chunks/node_modules_framer-motion_dist_es_a3ca1ec9._.js:1658
[  309043ms] [ERROR] Error: <circle> attribute r: Expected length, "undefined". @ http://localhost:3000/_next/static/chunks/node_modules_framer-motion_dist_es_a3ca1ec9._.js:1658
[  309044ms] [ERROR] Error: <circle> attribute r: Expected length, "undefined". @ http://localhost:3000/_next/static/chunks/node_modules_framer-motion_dist_es_a3ca1ec9._.js:1658
[  309044ms] [ERROR] Error: <circle> attribute r: Expected length, "undefined". @ http://localhost:3000/_next/static/chunks/node_modules_framer-motion_dist_es_a3ca1ec9._.js:1658
[  309044ms] [ERROR] Error: <circle> attribute r: Expected length, "undefined". @ http://localhost:3000/_next/static/chunks/node_modules_framer-motion_dist_es_a3ca1ec9._.js:1658
[  309044ms] [ERROR] Error: <circle> attribute r: Expected length, "undefined". @ http://localhost:3000/_next/static/chunks/node_modules_framer-motion_dist_es_a3ca1ec9._.js:1658
[  309044ms] [ERROR] Error: <circle> attribute r: Expected length, "undefined". @ http://localhost:3000/_next/static/chunks/node_modules_framer-motion_dist_es_a3ca1ec9._.js:1658
[  309044ms] [ERROR] Error: <circle> attribute r: Expected length, "undefined". @ http://localhost:3000/_next/static/chunks/node_modules_framer-motion_dist_es_a3ca1ec9._.js:1658
[  309044ms] [ERROR] Error: <circle> attribute r: Expected length, "undefined". @ http://localhost:3000/_next/static/chunks/node_modules_framer-motion_dist_es_a3ca1ec9._.js:1658
[  309044ms] [ERROR] Error: <circle> attribute r: Expected length, "undefined". @ http://localhost:3000/_next/static/chunks/node_modules_framer-motion_dist_es_a3ca1ec9._.js:1658
[  309045ms] [ERROR] Error: <circle> attribute r: Expected length, "undefined". @ http://localhost:3000/_next/static/chunks/node_modules_framer-motion_dist_es_a3ca1ec9._.js:1658
[  309045ms] [ERROR] Error: <circle> attribute r: Expected length, "undefined". @ http://localhost:3000/_next/static/chunks/node_modules_framer-motion_dist_es_a3ca1ec9._.js:1658
[  309913ms] [ERROR] Error: <circle> attribute r: Expected length, "undefined". @ http://localhost:3000/_next/static/chunks/node_modules_framer-motion_dist_es_a3ca1ec9._.js:1658
[  309914ms] [ERROR] Error: <circle> attribute r: Expected length, "undefined". @ http://localhost:3000/_next/static/chunks/node_modules_framer-motion_dist_es_a3ca1ec9._.js:1658
[  309915ms] [ERROR] Error: <circle> attribute r: Expected length, "undefined". @ http://localhost:3000/_next/static/chunks/node_modules_framer-motion_dist_es_a3ca1ec9._.js:1658
[  309915ms] [ERROR] Error: <circle> attribute r: Expected length, "undefined". @ http://localhost:3000/_next/static/chunks/node_modules_framer-motion_dist_es_a3ca1ec9._.js:1658
[  309915ms] [ERROR] Error: <circle> attribute r: Expected length, "undefined". @ http://localhost:3000/_next/static/chunks/node_modules_framer-motion_dist_es_a3ca1ec9._.js:1658
[  309915ms] [ERROR] Error: <circle> attribute r: Expected length, "undefined". @ http://localhost:3000/_next/static/chunks/node_modules_framer-motion_dist_es_a3ca1ec9._.js:1658
